
Server arguments:
  --memory-size 1073741824
  --shared-postfix 4ccefd27d2f46bbfc6f54db17cff34b1
  --working-directory Library/DataStore
  --silent-console
  --shutdown-grace 0
  --client-process-check 0
  --uds-log-file C:/Users/baile/OneDrive/Documents/GitHub/Mobile-Game/Logs/UDS-Service.log
  --debug-log 2
  -name
  Unity.DataStore

Initialising UDS system complete:
  - System type: Service
  - Resource namespace: 4ccefd27d2f46bbfc6f54db17cff34b1
  - Shared memory size: 1073741824
  - Command buffer id: 1052576
  - Command buffer size: 8192
  - Hashmap size: 4194304
Starting Unity Data Store Application
Unity Data Store Application Complete
[Warning] Shutting down service while there are still connected clients, client count = 2
Shut down UDS service system complete
